                                                           
                       vv ww xx yy zz AA BB CC DD EE FF GG                   
   aaaaaa bbbbbb                                               iiiiii        
   aaaaaa bbbbbb       HH II JJ KK LL MM NN OO PP QQ RR SS     iiiiii        
                                                                             
   cccccc dddddd                                               jjjjjj kkkkkk 
   cccccc dddddd                                               jjjjjj kkkkkk 
                       qqqqqqq                     sssssss                   
   eeeeee ffffff                                               llllll mmmmmm 
   eeeeee ffffff                                   ttttttt     llllll mmmmmm 
                                                   ttttttt                   
   gggggg hhhhhh                                               nnnnnn oooooo 
   gggggg hhhhhh                                               nnnnnn oooooo 
                       rrrrrrr                     uuuuuuu                   
                                                           

